// Jest Snapshot v1, https://goo.gl/fbAQLP

exports[`Pruebas en <GifItem/> debe de hacer match con el Snapshot 1`] = `
<div>
  <div
    class="card"
  >
    <img
      alt="soy un titulo"
      src="http://www.soytitutlo.com/hola.jpg"
    />
    <p>
      soy un titulo
    </p>
  </div>
</div>
`;
